Archive member included to satisfy reference by file (symbol)

spl/libSpl_debug.a(misc.c.obj)
                              CMakeFiles/main.dir/main.c.obj (NVIC_PriorityGroupConfig)
spl/libSpl_debug.a(startup_stm32f10x_md.s.obj)
                              (Reset_Handler)
spl/libSpl_debug.a(stm32f10x_gpio.c.obj)
                              CMakeFiles/main.dir/main.c.obj (GPIO_Init)
spl/libSpl_debug.a(stm32f10x_rcc.c.obj)
                              CMakeFiles/main.dir/main.c.obj (RCC_APB2PeriphClockCmd)
spl/libSpl_debug.a(system_stm32f10x.c.obj)
                              spl/libSpl_debug.a(startup_stm32f10x_md.s.obj) (SystemInit)
free_rtos/libRTOS_debug.a(tasks.c.obj)
                              CMakeFiles/main.dir/main.c.obj (xTaskCreate)
free_rtos/libRTOS_debug.a(port.c.obj)
                              free_rtos/libRTOS_debug.a(tasks.c.obj) (pxPortInitialiseStack)
free_rtos/libRTOS_debug.a(heap_4.c.obj)
                              free_rtos/libRTOS_debug.a(tasks.c.obj) (pvPortMalloc)
free_rtos/libRTOS_debug.a(list.c.obj)
                              free_rtos/libRTOS_debug.a(tasks.c.obj) (vListInitialise)
/usr/bin/../lib/gcc/arm-none-eabi/6.3.1/../../../../arm-none-eabi/lib/thumb/v7-m/libg_nano.a(lib_a-exit.o)
                              /usr/bin/../lib/gcc/arm-none-eabi/6.3.1/../../../../arm-none-eabi/lib/thumb/v7-m/crt0.o (exit)
/usr/bin/../lib/gcc/arm-none-eabi/6.3.1/../../../../arm-none-eabi/lib/thumb/v7-m/libg_nano.a(lib_a-impure.o)
                              /usr/bin/../lib/gcc/arm-none-eabi/6.3.1/../../../../arm-none-eabi/lib/thumb/v7-m/libg_nano.a(lib_a-exit.o) (_global_impure_ptr)
/usr/bin/../lib/gcc/arm-none-eabi/6.3.1/../../../../arm-none-eabi/lib/thumb/v7-m/libg_nano.a(lib_a-init.o)
                              /usr/bin/../lib/gcc/arm-none-eabi/6.3.1/../../../../arm-none-eabi/lib/thumb/v7-m/crt0.o (__libc_init_array)
/usr/bin/../lib/gcc/arm-none-eabi/6.3.1/../../../../arm-none-eabi/lib/thumb/v7-m/libg_nano.a(lib_a-memset.o)
                              /usr/bin/../lib/gcc/arm-none-eabi/6.3.1/../../../../arm-none-eabi/lib/thumb/v7-m/crt0.o (memset)
/usr/bin/../lib/gcc/arm-none-eabi/6.3.1/../../../../arm-none-eabi/lib/thumb/v7-m/libnosys.a(_exit.o)
                              /usr/bin/../lib/gcc/arm-none-eabi/6.3.1/../../../../arm-none-eabi/lib/thumb/v7-m/libg_nano.a(lib_a-exit.o) (_exit)

Allocating common symbols
Common symbol       size              file

HSEStartUpStatus    0x1               CMakeFiles/main.dir/main.c.obj
GPIO_InitStructure  0x4               CMakeFiles/main.dir/main.c.obj

Discarded input sections

 .text          0x0000000000000000        0x0 /usr/bin/../lib/gcc/arm-none-eabi/6.3.1/thumb/v7-m/crti.o
 .data          0x0000000000000000        0x0 /usr/bin/../lib/gcc/arm-none-eabi/6.3.1/thumb/v7-m/crti.o
 .bss           0x0000000000000000        0x0 /usr/bin/../lib/gcc/arm-none-eabi/6.3.1/thumb/v7-m/crti.o
 .data          0x0000000000000000        0x4 /usr/bin/../lib/gcc/arm-none-eabi/6.3.1/thumb/v7-m/crtbegin.o
 .text          0x0000000000000000       0x74 /usr/bin/../lib/gcc/arm-none-eabi/6.3.1/../../../../arm-none-eabi/lib/thumb/v7-m/crt0.o
 .data          0x0000000000000000        0x0 /usr/bin/../lib/gcc/arm-none-eabi/6.3.1/../../../../arm-none-eabi/lib/thumb/v7-m/crt0.o
 .bss           0x0000000000000000        0x0 /usr/bin/../lib/gcc/arm-none-eabi/6.3.1/../../../../arm-none-eabi/lib/thumb/v7-m/crt0.o
 .ARM.extab     0x0000000000000000        0x0 /usr/bin/../lib/gcc/arm-none-eabi/6.3.1/../../../../arm-none-eabi/lib/thumb/v7-m/crt0.o
 .ARM.exidx     0x0000000000000000        0x8 /usr/bin/../lib/gcc/arm-none-eabi/6.3.1/../../../../arm-none-eabi/lib/thumb/v7-m/crt0.o
 .ARM.attributes
                0x0000000000000000       0x1b /usr/bin/../lib/gcc/arm-none-eabi/6.3.1/../../../../arm-none-eabi/lib/thumb/v7-m/crt0.o
 .group         0x0000000000000000        0x8 CMakeFiles/main.dir/main.c.obj
 .group         0x0000000000000000        0x8 CMakeFiles/main.dir/main.c.obj
 .group         0x0000000000000000        0x8 CMakeFiles/main.dir/main.c.obj
 .group         0x0000000000000000        0x8 CMakeFiles/main.dir/main.c.obj
 .group         0x0000000000000000        0x8 CMakeFiles/main.dir/main.c.obj
 .group         0x0000000000000000        0x8 CMakeFiles/main.dir/main.c.obj
 .group         0x0000000000000000        0x8 CMakeFiles/main.dir/main.c.obj
 .group         0x0000000000000000        0x8 CMakeFiles/main.dir/main.c.obj
 .group         0x0000000000000000        0x8 CMakeFiles/main.dir/main.c.obj
 .group         0x0000000000000000        0x8 CMakeFiles/main.dir/main.c.obj
 .group         0x0000000000000000        0x8 CMakeFiles/main.dir/main.c.obj
 .group         0x0000000000000000        0x8 CMakeFiles/main.dir/main.c.obj
 .group         0x0000000000000000        0x8 CMakeFiles/main.dir/main.c.obj
 .group         0x0000000000000000        0x8 CMakeFiles/main.dir/main.c.obj
 .group         0x0000000000000000        0x8 CMakeFiles/main.dir/main.c.obj
[...]
Memory Configuration

Name             Origin             Length             Attributes
FLASH            0x0000000008000000 0x0000000000020000 xr
RAM              0x0000000020000000 0x0000000000005000 xrw
*default*        0x0000000000000000 0xffffffffffffffff

Linker script and memory map

LOAD /usr/bin/../lib/gcc/arm-none-eabi/6.3.1/thumb/v7-m/crti.o
LOAD /usr/bin/../lib/gcc/arm-none-eabi/6.3.1/thumb/v7-m/crtbegin.o
LOAD /usr/bin/../lib/gcc/arm-none-eabi/6.3.1/../../../../arm-none-eabi/lib/thumb/v7-m/crt0.o
LOAD CMakeFiles/main.dir/main.c.obj
LOAD CMakeFiles/main.dir/stm32f10x_it.c.obj
LOAD spl/libSpl_debug.a
LOAD free_rtos/libRTOS_debug.a
START GROUP
LOAD /usr/bin/../lib/gcc/arm-none-eabi/6.3.1/thumb/v7-m/libgcc.a
LOAD /usr/bin/../lib/gcc/arm-none-eabi/6.3.1/../../../../arm-none-eabi/lib/thumb/v7-m/libg_nano.a
LOAD /usr/bin/../lib/gcc/arm-none-eabi/6.3.1/../../../../arm-none-eabi/lib/thumb/v7-m/libc_nano.a
END GROUP
START GROUP
LOAD /usr/bin/../lib/gcc/arm-none-eabi/6.3.1/thumb/v7-m/libgcc.a
LOAD /usr/bin/../lib/gcc/arm-none-eabi/6.3.1/../../../../arm-none-eabi/lib/thumb/v7-m/libc_nano.a
LOAD /usr/bin/../lib/gcc/arm-none-eabi/6.3.1/../../../../arm-none-eabi/lib/thumb/v7-m/libnosys.a
END GROUP
START GROUP
LOAD /usr/bin/../lib/gcc/arm-none-eabi/6.3.1/thumb/v7-m/libgcc.a
LOAD /usr/bin/../lib/gcc/arm-none-eabi/6.3.1/../../../../arm-none-eabi/lib/thumb/v7-m/libc_nano.a
LOAD /usr/bin/../lib/gcc/arm-none-eabi/6.3.1/../../../../arm-none-eabi/lib/thumb/v7-m/libnosys.a
END GROUP
LOAD /usr/bin/../lib/gcc/arm-none-eabi/6.3.1/thumb/v7-m/crtend.o
LOAD /usr/bin/../lib/gcc/arm-none-eabi/6.3.1/thumb/v7-m/crtn.o
                0x0000000020004fff                _estack = 0x20004fff
                0x0000000000000200                _Min_Heap_Size = 0x200
                0x0000000000000400                _Min_Stack_Size = 0x400

.isr_vector     0x0000000008000000      0x10c
                0x0000000008000000                . = ALIGN (0x4)
 *(.isr_vector)
 .isr_vector    0x0000000008000000      0x10c spl/libSpl_debug.a(startup_stm32f10x_md.s.obj)
                0x0000000008000000                g_pfnVectors
                0x000000000800010c                . = ALIGN (0x4)

.flashtext      0x000000000800010c        0x0
                0x000000000800010c                . = ALIGN (0x4)
 *(.flashtext)
                0x000000000800010c                . = ALIGN (0x4)

.text           0x0000000008000110     0x36e4
                0x0000000008000110                . = ALIGN (0x4)
 *(.text)
 .text          0x0000000008000110       0x6c /usr/bin/../lib/gcc/arm-none-eabi/6.3.1/thumb/v7-m/crtbegin.o
 .text          0x000000000800017c       0xf0 CMakeFiles/main.dir/main.c.obj
                0x000000000800017c                task
                0x00000000080001b0                vApplicationStackOverflowHook
                0x00000000080001bc                main
                0x00000000080001ec                prvSetupHardware
                0x0000000008000224                NVIC_Configuration
                0x000000000800023e                Delay
                0x000000000800025e                assert_failed
 .text          0x000000000800026c       0x54 CMakeFiles/main.dir/stm32f10x_it.c.obj
                0x000000000800026c                NMI_Handler
                0x0000000008000278                HardFault_Handler
                0x000000000800027e                MemManage_Handler
                0x0000000008000284                BusFault_Handler
                0x000000000800028a                UsageFault_Handler
                0x0000000008000290                SVC_Handler
                0x000000000800029c                DebugMon_Handler
                0x00000000080002a8                PendSV_Handler
                0x00000000080002b4                SysTick_Handler
 .text          0x00000000080002c0      0x18c spl/libSpl_debug.a(misc.c.obj)
                0x00000000080002c0                NVIC_PriorityGroupConfig
                0x00000000080002e4                NVIC_Init
                0x00000000080003a8                NVIC_SetVectorTable
                0x00000000080003d4                NVIC_SystemLPConfig
                0x0000000008000414                SysTick_CLKSourceConfig
 .text          0x000000000800044c      0x5dc spl/libSpl_debug.a(stm32f10x_gpio.c.obj)
                0x000000000800044c                GPIO_DeInit
                0x0000000008000530                GPIO_AFIODeInit
                0x0000000008000548                GPIO_Init
                0x00000000080006c0                GPIO_StructInit
                0x00000000080006e6                GPIO_ReadInputDataBit
                0x0000000008000718                GPIO_ReadInputData
                0x0000000008000730                GPIO_ReadOutputDataBit
                0x0000000008000762                GPIO_ReadOutputData
                0x000000000800077a                GPIO_SetBits
                0x0000000008000796                GPIO_ResetBits
                0x00000000080007b2                GPIO_WriteBit
                0x00000000080007e0                GPIO_Write
                0x00000000080007fc                GPIO_PinLockConfig
                0x000000000800083e                GPIO_EventOutputConfig
                0x0000000008000888                GPIO_EventOutputCmd
                0x00000000080008a8                GPIO_PinRemapConfig
                0x0000000008000988                GPIO_EXTILineConfig
                0x0000000008000a0c                GPIO_ETH_MediaInterfaceConfig
 .text          0x0000000008000a28      0x7d0 spl/libSpl_debug.a(stm32f10x_rcc.c.obj)
                0x0000000008000a28                RCC_DeInit
                0x0000000008000a84                RCC_HSEConfig
                0x0000000008000ae0                RCC_WaitForHSEStartUp
                0x0000000008000b30                RCC_AdjustHSICalibrationValue
                0x0000000008000b6c                RCC_HSICmd
                0x0000000008000b8c                RCC_PLLConfig
                0x0000000008000bc8                RCC_PLLCmd
                0x0000000008000be8                RCC_SYSCLKConfig
                0x0000000008000c20                RCC_GetSYSCLKSource
                0x0000000008000c3c                RCC_HCLKConfig
                0x0000000008000c74                RCC_PCLK1Config
                0x0000000008000cac                RCC_PCLK2Config
                0x0000000008000ce4                RCC_ITConfig
                0x0000000008000d30                RCC_USBCLKConfig
                0x0000000008000d4c                RCC_ADCCLKConfig
                0x0000000008000d84                RCC_LSEConfig
                0x0000000008000dc4                RCC_LSICmd
                0x0000000008000de4                RCC_RTCCLKConfig
                0x0000000008000e08                RCC_RTCCLKCmd
                0x0000000008000e28                RCC_GetClocksFreq
                0x0000000008000f88                RCC_AHBPeriphClockCmd
                0x0000000008000fc4                RCC_APB2PeriphClockCmd
                0x0000000008001000                RCC_APB1PeriphClockCmd
                0x000000000800103c                RCC_APB2PeriphResetCmd
                0x0000000008001078                RCC_APB1PeriphResetCmd
                0x00000000080010b4                RCC_BackupResetCmd
                0x00000000080010d4                RCC_ClockSecuritySystemCmd
                0x00000000080010f4                RCC_MCOConfig
                0x0000000008001114                RCC_GetFlagStatus
                0x0000000008001188                RCC_ClearFlag
                0x00000000080011a4                RCC_GetITStatus
                0x00000000080011d8                RCC_ClearITPendingBit
 .text          0x00000000080011f8      0x24c spl/libSpl_debug.a(system_stm32f10x.c.obj)
                0x00000000080011f8                SystemInit
                0x0000000008001260                SystemCoreClockUpdate
 .text          0x0000000008001444     0x1c78 free_rtos/libRTOS_debug.a(tasks.c.obj)
                0x0000000008001444                xTaskCreate
                0x0000000008001690                vTaskDelete
                0x000000000800178c                vTaskDelayUntil
                0x000000000800182c                vTaskDelay
                0x0000000008001874                eTaskGetState
                0x000000000800190c                uxTaskPriorityGet
                0x0000000008001940                uxTaskPriorityGetFromISR
                0x0000000008001994                vTaskPrioritySet
                0x0000000008001ad4                vTaskSuspend
                0x0000000008001c1c                vTaskResume
                0x0000000008001cbc                xTaskResumeFromISR
                0x0000000008001d7c                vTaskStartScheduler
                0x0000000008001de8                vTaskEndScheduler
                0x0000000008001e18                vTaskSuspendAll
                0x0000000008001e34                xTaskResumeAll
                0x0000000008001f50                xTaskGetTickCount
                0x0000000008001f6c                xTaskGetTickCountFromISR
                0x0000000008001f8c                uxTaskGetNumberOfTasks
                0x0000000008001fa0                pcTaskGetName
                0x0000000008001fcc                uxTaskGetSystemState
                0x00000000080020e8                xTaskIncrementTick
                0x0000000008002240                vTaskSwitchContext
                0x0000000008002318                vTaskPlaceOnEventList
                0x0000000008002344                vTaskPlaceOnUnorderedEventList
                0x0000000008002380                xTaskRemoveFromEventList
                0x0000000008002428                xTaskRemoveFromUnorderedEventList
                0x00000000080024b8                vTaskSetTimeOutState
                0x00000000080024e4                xTaskCheckForTimeOut
                0x000000000800256c                vTaskMissedYield
                0x0000000008002584                uxTaskGetTaskNumber
                0x00000000080025ae                vTaskSetTaskNumber
                0x00000000080026f8                vTaskGetInfo
                0x00000000080028f8                xTaskGetCurrentTaskHandle
                0x0000000008002914                vTaskPriorityInherit
                0x0000000008002a00                xTaskPriorityDisinherit
                0x0000000008002ac8                uxTaskResetEventItemValue
                0x0000000008002af8                pvTaskIncrementMutexHeldCount
                0x0000000008002b20                ulTaskNotifyTake
                0x0000000008002bb0                xTaskNotifyWait
                0x0000000008002c64                xTaskGenericNotify
                0x0000000008002d70                xTaskGenericNotifyFromISR
                0x0000000008002ec0                vTaskNotifyGiveFromISR
                0x0000000008002fa4                xTaskNotifyStateClear
 *fill*         0x00000000080030bc        0x4 
 .text          0x00000000080030c0      0x220 free_rtos/libRTOS_debug.a(port.c.obj)
                0x00000000080030c0                pxPortInitialiseStack
                0x0000000008003132                vPortSVCHandler
                0x0000000008003182                xPortStartScheduler
                0x00000000080031c0                vPortEndScheduler
                0x00000000080031cc                vPortEnterCritical
                0x00000000080031fc                vPortExitCritical
                0x000000000800322c                xPortPendSVHandler
                0x0000000008003276                xPortSysTickHandler
                0x00000000080032b8                vPortSetupTimerInterrupt
 .text          0x00000000080032e0      0x344 free_rtos/libRTOS_debug.a(heap_4.c.obj)
                0x00000000080032e0                pvPortMalloc
                0x0000000008003408                vPortFree
                0x000000000800347c                xPortGetFreeHeapSize
                0x0000000008003490                xPortGetMinimumEverFreeHeapSize
                0x00000000080034a4                vPortInitialiseBlocks
 .text          0x0000000008003624      0x15e free_rtos/libRTOS_debug.a(list.c.obj)
                0x0000000008003624                vListInitialise
                0x0000000008003662                vListInitialiseItem
                0x000000000800367a                vListInsertEnd
                0x00000000080036c0                vListInsert
                0x0000000008003730                uxListRemove
 *(.text*)
 *fill*         0x0000000008003782        0x2 
 .text.Reset_Handler
                0x0000000008003784       0x44 spl/libSpl_debug.a(startup_stm32f10x_md.s.obj)
                0x0000000008003784                Reset_Handler
 .text.Default_Handler
                0x00000000080037c8        0x2 spl/libSpl_debug.a(startup_stm32f10x_md.s.obj)
                0x00000000080037c8                EXTI2_IRQHandler
                0x00000000080037c8                TIM1_CC_IRQHandler
                0x00000000080037c8                PVD_IRQHandler
                0x00000000080037c8                EXTI3_IRQHandler
                0x00000000080037c8                EXTI0_IRQHandler
                0x00000000080037c8                I2C2_EV_IRQHandler
                0x00000000080037c8                ADC1_2_IRQHandler
                0x00000000080037c8                SPI1_IRQHandler
                0x00000000080037c8                TAMPER_IRQHandler
                0x00000000080037c8                DMA1_Channel4_IRQHandler
                0x00000000080037c8                USART3_IRQHandler
                0x00000000080037c8                RTC_IRQHandler
                0x00000000080037c8                DMA1_Channel7_IRQHandler
                0x00000000080037c8                CAN1_RX1_IRQHandler
                0x00000000080037c8                TIM4_IRQHandler
                0x00000000080037c8                I2C1_EV_IRQHandler
                0x00000000080037c8                DMA1_Channel6_IRQHandler
                0x00000000080037c8                TIM3_IRQHandler
                0x00000000080037c8                RCC_IRQHandler
                0x00000000080037c8                TIM1_TRG_COM_IRQHandler
                0x00000000080037c8                DMA1_Channel1_IRQHandler
                0x00000000080037c8                Default_Handler
                0x00000000080037c8                EXTI15_10_IRQHandler
                0x00000000080037c8                EXTI9_5_IRQHandler
                0x00000000080037c8                SPI2_IRQHandler
                0x00000000080037c8                DMA1_Channel5_IRQHandler
                0x00000000080037c8                EXTI4_IRQHandler
                0x00000000080037c8                USB_LP_CAN1_RX0_IRQHandler
                0x00000000080037c8                USB_HP_CAN1_TX_IRQHandler
                0x00000000080037c8                DMA1_Channel3_IRQHandler
                0x00000000080037c8                TIM1_UP_IRQHandler
                0x00000000080037c8                WWDG_IRQHandler
                0x00000000080037c8                TIM2_IRQHandler
                0x00000000080037c8                TIM1_BRK_IRQHandler
                0x00000000080037c8                EXTI1_IRQHandler
                0x00000000080037c8                RTCAlarm_IRQHandler
                0x00000000080037c8                USART2_IRQHandler
                0x00000000080037c8                I2C2_ER_IRQHandler
                0x00000000080037c8                DMA1_Channel2_IRQHandler
                0x00000000080037c8                CAN1_SCE_IRQHandler
                0x00000000080037c8                FLASH_IRQHandler
                0x00000000080037c8                USART1_IRQHandler
                0x00000000080037c8                I2C1_ER_IRQHandler
                0x00000000080037c8                USBWakeUp_IRQHandler
 .text.memset   0x00000000080037ca       0x10 /usr/bin/../lib/gcc/arm-none-eabi/6.3.1/../../../../arm-none-eabi/lib/thumb/v7-m/libg_nano.a(lib_a-memset.o)
                0x00000000080037ca                memset
 *(.glue_7)
 .glue_7        0x00000000080037da        0x0 linker stubs
 *(.glue_7t)
 .glue_7t       0x00000000080037da        0x0 linker stubs
 *(.eh_frame)
 *fill*         0x00000000080037da        0x2 
 .eh_frame      0x00000000080037dc        0x0 /usr/bin/../lib/gcc/arm-none-eabi/6.3.1/thumb/v7-m/crtbegin.o
 *(.init)
 .init          0x00000000080037dc        0x4 /usr/bin/../lib/gcc/arm-none-eabi/6.3.1/thumb/v7-m/crti.o
                0x00000000080037dc                _init
 .init          0x00000000080037e0        0x8 /usr/bin/../lib/gcc/arm-none-eabi/6.3.1/thumb/v7-m/crtn.o
 *(.fini)
 .fini          0x00000000080037e8        0x4 /usr/bin/../lib/gcc/arm-none-eabi/6.3.1/thumb/v7-m/crti.o
                0x00000000080037e8                _fini
 .fini          0x00000000080037ec        0x8 /usr/bin/../lib/gcc/arm-none-eabi/6.3.1/thumb/v7-m/crtn.o
                0x00000000080037f4                . = ALIGN (0x4)
                0x00000000080037f4                _etext = .

.vfp11_veneer   0x00000000080037f4        0x0
 .vfp11_veneer  0x00000000080037f4        0x0 linker stubs

.v4_bx          0x00000000080037f4        0x0
 .v4_bx         0x00000000080037f4        0x0 linker stubs

.iplt           0x00000000080037f4        0x0
 .iplt          0x00000000080037f4        0x0 /usr/bin/../lib/gcc/arm-none-eabi/6.3.1/thumb/v7-m/crtbegin.o

.rodata         0x00000000080037f4        0xc
                0x00000000080037f4                . = ALIGN (0x4)
 *(.rodata)
 .rodata        0x00000000080037f4        0x4 CMakeFiles/main.dir/main.c.obj
 .rodata        0x00000000080037f8        0x5 free_rtos/libRTOS_debug.a(tasks.c.obj)
 *(.rodata*)
                0x0000000008003800                . = ALIGN (0x4)
 *fill*         0x00000000080037fd        0x3 

.rel.dyn        0x0000000008003800        0x0
 .rel.iplt      0x0000000008003800        0x0 /usr/bin/../lib/gcc/arm-none-eabi/6.3.1/thumb/v7-m/crtbegin.o

.ARM.extab
 *(.ARM.extab* .gnu.linkonce.armextab.*)

.ARM            0x0000000008003800        0x0
                0x0000000008003800                __exidx_start = .
 *(.ARM.exidx*)
                0x0000000008003800                __exidx_end = .

.preinit_array  0x0000000008003800        0x0
                0x0000000008003800                PROVIDE (__preinit_array_start, .)
 *(.preinit_array*)
                0x0000000008003800                PROVIDE (__preinit_array_end, .)

.init_array     0x0000000008003800        0x4
                0x0000000008003800                PROVIDE (__init_array_start, .)
 *(SORT(.init_array.*))
 *(.init_array*)
 .init_array    0x0000000008003800        0x4 /usr/bin/../lib/gcc/arm-none-eabi/6.3.1/thumb/v7-m/crtbegin.o
                0x0000000008003804                PROVIDE (__init_array_end, .)

.fini_array     0x0000000008003804        0x4
                [!provide]                        PROVIDE (__fini_array_start, .)
 *(SORT(.fini_array.*))
 *(.fini_array*)
 .fini_array    0x0000000008003804        0x4 /usr/bin/../lib/gcc/arm-none-eabi/6.3.1/thumb/v7-m/crtbegin.o
                [!provide]                        PROVIDE (__fini_array_end, .)
                0x0000000008003808                _sidata = LOADADDR (.data)

.data           0x0000000020000000       0x2c load address 0x0000000008003808
                0x0000000020000000                . = ALIGN (0x4)
                0x0000000020000000                _sdata = .
 *(.data)
 *(.data*)
 .data.APBAHBPrescTable
                0x0000000020000000       0x10 spl/libSpl_debug.a(stm32f10x_rcc.c.obj)
 .data.ADCPrescTable
                0x0000000020000010        0x4 spl/libSpl_debug.a(stm32f10x_rcc.c.obj)
 .data.SystemCoreClock
                0x0000000020000014        0x4 spl/libSpl_debug.a(system_stm32f10x.c.obj)
                0x0000000020000014                SystemCoreClock
 .data.AHBPrescTable
                0x0000000020000018       0x10 spl/libSpl_debug.a(system_stm32f10x.c.obj)
                0x0000000020000018                AHBPrescTable
 .data.uxCriticalNesting
                0x0000000020000028        0x4 free_rtos/libRTOS_debug.a(port.c.obj)
                0x000000002000002c                . = ALIGN (0x4)
                0x000000002000002c                _edata = .

.jcr            0x000000002000002c        0x0 load address 0x0000000008003834
 .jcr           0x000000002000002c        0x0 /usr/bin/../lib/gcc/arm-none-eabi/6.3.1/thumb/v7-m/crtbegin.o

.igot.plt       0x000000002000002c        0x0 load address 0x0000000008003834
 .igot.plt      0x000000002000002c        0x0 /usr/bin/../lib/gcc/arm-none-eabi/6.3.1/thumb/v7-m/crtbegin.o
                0x000000002000002c                . = ALIGN (0x4)

.bss            0x000000002000002c     0x4940 load address 0x0000000008003834
                0x000000002000002c                _sbss = .
                0x000000002000002c                __bss_start__ = _sbss
 *(.bss)
 .bss           0x000000002000002c       0x1c /usr/bin/../lib/gcc/arm-none-eabi/6.3.1/thumb/v7-m/crtbegin.o
 *(.bss*)
 .bss.pxCurrentTCB
                0x0000000020000048        0x4 free_rtos/libRTOS_debug.a(tasks.c.obj)
                0x0000000020000048                pxCurrentTCB
 .bss.pxReadyTasksLists
                0x000000002000004c       0x64 free_rtos/libRTOS_debug.a(tasks.c.obj)
 .bss.xDelayedTaskList1
                0x00000000200000b0       0x14 free_rtos/libRTOS_debug.a(tasks.c.obj)
 .bss.xDelayedTaskList2
                0x00000000200000c4       0x14 free_rtos/libRTOS_debug.a(tasks.c.obj)
 .bss.pxDelayedTaskList
                0x00000000200000d8        0x4 free_rtos/libRTOS_debug.a(tasks.c.obj)
 .bss.pxOverflowDelayedTaskList
                0x00000000200000dc        0x4 free_rtos/libRTOS_debug.a(tasks.c.obj)
 .bss.xPendingReadyList
                0x00000000200000e0       0x14 free_rtos/libRTOS_debug.a(tasks.c.obj)
 .bss.xTasksWaitingTermination
                0x00000000200000f4       0x14 free_rtos/libRTOS_debug.a(tasks.c.obj)
 .bss.uxDeletedTasksWaitingCleanUp
                0x0000000020000108        0x4 free_rtos/libRTOS_debug.a(tasks.c.obj)
 .bss.xSuspendedTaskList
                0x000000002000010c       0x14 free_rtos/libRTOS_debug.a(tasks.c.obj)
 .bss.uxCurrentNumberOfTasks
                0x0000000020000120        0x4 free_rtos/libRTOS_debug.a(tasks.c.obj)
 .bss.xTickCount
                0x0000000020000124        0x4 free_rtos/libRTOS_debug.a(tasks.c.obj)
 .bss.uxTopReadyPriority
                0x0000000020000128        0x4 free_rtos/libRTOS_debug.a(tasks.c.obj)
 .bss.xSchedulerRunning
                0x000000002000012c        0x4 free_rtos/libRTOS_debug.a(tasks.c.obj)
 .bss.uxPendedTicks
                0x0000000020000130        0x4 free_rtos/libRTOS_debug.a(tasks.c.obj)
 .bss.xYieldPending
                0x0000000020000134        0x4 free_rtos/libRTOS_debug.a(tasks.c.obj)
 .bss.xNumOfOverflows
                0x0000000020000138        0x4 free_rtos/libRTOS_debug.a(tasks.c.obj)
 .bss.uxTaskNumber
                0x000000002000013c        0x4 free_rtos/libRTOS_debug.a(tasks.c.obj)
 .bss.xNextTaskUnblockTime
                0x0000000020000140        0x4 free_rtos/libRTOS_debug.a(tasks.c.obj)
 .bss.xIdleTaskHandle
                0x0000000020000144        0x4 free_rtos/libRTOS_debug.a(tasks.c.obj)
 .bss.uxSchedulerSuspended
                0x0000000020000148        0x4 free_rtos/libRTOS_debug.a(tasks.c.obj)
 .bss.ucHeap    0x000000002000014c     0x4800 free_rtos/libRTOS_debug.a(heap_4.c.obj)
 .bss.xStart    0x000000002000494c        0x8 free_rtos/libRTOS_debug.a(heap_4.c.obj)
 .bss.pxEnd     0x0000000020004954        0x4 free_rtos/libRTOS_debug.a(heap_4.c.obj)
 .bss.xFreeBytesRemaining
                0x0000000020004958        0x4 free_rtos/libRTOS_debug.a(heap_4.c.obj)
 .bss.xMinimumEverFreeBytesRemaining
                0x000000002000495c        0x4 free_rtos/libRTOS_debug.a(heap_4.c.obj)
 .bss.xBlockAllocatedBit
                0x0000000020004960        0x4 free_rtos/libRTOS_debug.a(heap_4.c.obj)
 *(COMMON)
 COMMON         0x0000000020004964        0x8 CMakeFiles/main.dir/main.c.obj
                0x0000000020004964                HSEStartUpStatus
                0x0000000020004968                GPIO_InitStructure
                0x000000002000496c                . = ALIGN (0x4)
                0x000000002000496c                _ebss = .
                0x000000002000496c                __bss_end__ = _ebss

._user_heap_stack
                0x000000002000496c      0x600 load address 0x0000000008003834
                0x000000002000496c                . = ALIGN (0x4)
                [!provide]                        PROVIDE (end, .)
                [!provide]                        PROVIDE (_end, .)
                0x0000000020004b6c                . = (. + _Min_Heap_Size)
 *fill*         0x000000002000496c      0x200 
                0x0000000020004f6c                . = (. + _Min_Stack_Size)
 *fill*         0x0000000020004b6c      0x400 
                0x0000000020004f6c                . = ALIGN (0x4)

.ARM.attributes
                0x0000000000000000       0x29
 *(.ARM.attributes)
 .ARM.attributes
                0x0000000000000000       0x1d /usr/bin/../lib/gcc/arm-none-eabi/6.3.1/thumb/v7-m/crti.o
 .ARM.attributes
                0x000000000000001d       0x2d /usr/bin/../lib/gcc/arm-none-eabi/6.3.1/thumb/v7-m/crtbegin.o
 .ARM.attributes
                0x000000000000004a       0x33 CMakeFiles/main.dir/main.c.obj
 .ARM.attributes
                0x000000000000007d       0x33 CMakeFiles/main.dir/stm32f10x_it.c.obj
 .ARM.attributes
                0x00000000000000b0       0x33 spl/libSpl_debug.a(misc.c.obj)
 .ARM.attributes
                0x00000000000000e3       0x21 spl/libSpl_debug.a(startup_stm32f10x_md.s.obj)
 .ARM.attributes
                0x0000000000000104       0x33 spl/libSpl_debug.a(stm32f10x_gpio.c.obj)
 .ARM.attributes
                0x0000000000000137       0x33 spl/libSpl_debug.a(stm32f10x_rcc.c.obj)
 .ARM.attributes
                0x000000000000016a       0x33 spl/libSpl_debug.a(system_stm32f10x.c.obj)
 .ARM.attributes
                0x000000000000019d       0x33 free_rtos/libRTOS_debug.a(tasks.c.obj)
 .ARM.attributes
                0x00000000000001d0       0x33 free_rtos/libRTOS_debug.a(port.c.obj)
 .ARM.attributes
                0x0000000000000203       0x33 free_rtos/libRTOS_debug.a(heap_4.c.obj)
 .ARM.attributes
                0x0000000000000236       0x33 free_rtos/libRTOS_debug.a(list.c.obj)
 .ARM.attributes
                0x0000000000000269       0x2d /usr/bin/../lib/gcc/arm-none-eabi/6.3.1/../../../../arm-none-eabi/lib/thumb/v7-m/libg_nano.a(lib_a-memset.o)
 .ARM.attributes
                0x0000000000000296       0x1d /usr/bin/../lib/gcc/arm-none-eabi/6.3.1/thumb/v7-m/crtn.o
OUTPUT(main.elf elf32-littlearm)

.debug_info     0x0000000000000000     0x5f44
 .debug_info    0x0000000000000000      0xba7 CMakeFiles/main.dir/main.c.obj
 .debug_info    0x0000000000000ba7      0x13e CMakeFiles/main.dir/stm32f10x_it.c.obj
 .debug_info    0x0000000000000ce5      0x4e9 spl/libSpl_debug.a(misc.c.obj)
 .debug_info    0x00000000000011ce       0xa4 spl/libSpl_debug.a(startup_stm32f10x_md.s.obj)
 .debug_info    0x0000000000001272      0x6eb spl/libSpl_debug.a(stm32f10x_gpio.c.obj)
 .debug_info    0x000000000000195d      0x89c spl/libSpl_debug.a(stm32f10x_rcc.c.obj)
 .debug_info    0x00000000000021f9      0x452 spl/libSpl_debug.a(system_stm32f10x.c.obj)
 .debug_info    0x000000000000264b     0x2074 free_rtos/libRTOS_debug.a(tasks.c.obj)
 .debug_info    0x00000000000046bf      0x2d2 free_rtos/libRTOS_debug.a(port.c.obj)
 .debug_info    0x0000000000004991      0xafb free_rtos/libRTOS_debug.a(heap_4.c.obj)
 .debug_info    0x000000000000548c      0xab8 free_rtos/libRTOS_debug.a(list.c.obj)

.debug_abbrev   0x0000000000000000     0x12c2
 .debug_abbrev  0x0000000000000000      0x23e CMakeFiles/main.dir/main.c.obj
 .debug_abbrev  0x000000000000023e       0x79 CMakeFiles/main.dir/stm32f10x_it.c.obj
 .debug_abbrev  0x00000000000002b7      0x182 spl/libSpl_debug.a(misc.c.obj)
 .debug_abbrev  0x0000000000000439       0x12 spl/libSpl_debug.a(startup_stm32f10x_md.s.obj)
 .debug_abbrev  0x000000000000044b      0x1de spl/libSpl_debug.a(stm32f10x_gpio.c.obj)
 .debug_abbrev  0x0000000000000629      0x1d0 spl/libSpl_debug.a(stm32f10x_rcc.c.obj)
 .debug_abbrev  0x00000000000007f9      0x19a spl/libSpl_debug.a(system_stm32f10x.c.obj)
 .debug_abbrev  0x0000000000000993      0x36c free_rtos/libRTOS_debug.a(tasks.c.obj)
 .debug_abbrev  0x0000000000000cff      0x1c2 free_rtos/libRTOS_debug.a(port.c.obj)
 .debug_abbrev  0x0000000000000ec1      0x23b free_rtos/libRTOS_debug.a(heap_4.c.obj)
 .debug_abbrev  0x00000000000010fc      0x1c6 free_rtos/libRTOS_debug.a(list.c.obj)

.debug_aranges  0x0000000000000000      0x168
 .debug_aranges
                0x0000000000000000       0x20 CMakeFiles/main.dir/main.c.obj
 .debug_aranges
                0x0000000000000020       0x20 CMakeFiles/main.dir/stm32f10x_it.c.obj
 .debug_aranges
                0x0000000000000040       0x20 spl/libSpl_debug.a(misc.c.obj)
 .debug_aranges
                0x0000000000000060       0x28 spl/libSpl_debug.a(startup_stm32f10x_md.s.obj)
 .debug_aranges
                0x0000000000000088       0x20 spl/libSpl_debug.a(stm32f10x_gpio.c.obj)
 .debug_aranges
                0x00000000000000a8       0x20 spl/libSpl_debug.a(stm32f10x_rcc.c.obj)
 .debug_aranges
                0x00000000000000c8       0x20 spl/libSpl_debug.a(system_stm32f10x.c.obj)
 .debug_aranges
                0x00000000000000e8       0x20 free_rtos/libRTOS_debug.a(tasks.c.obj)
 .debug_aranges
                0x0000000000000108       0x20 free_rtos/libRTOS_debug.a(port.c.obj)
 .debug_aranges
                0x0000000000000128       0x20 free_rtos/libRTOS_debug.a(heap_4.c.obj)
 .debug_aranges
                0x0000000000000148       0x20 free_rtos/libRTOS_debug.a(list.c.obj)

.debug_macro    0x0000000000000000     0xf259
 .debug_macro   0x0000000000000000      0x2bf CMakeFiles/main.dir/main.c.obj
 .debug_macro   0x00000000000002bf      0x8b0 CMakeFiles/main.dir/main.c.obj
 .debug_macro   0x0000000000000b6f       0x5c CMakeFiles/main.dir/main.c.obj
 .debug_macro   0x0000000000000bcb       0x22 CMakeFiles/main.dir/main.c.obj
 .debug_macro   0x0000000000000bed       0x22 CMakeFiles/main.dir/main.c.obj
 .debug_macro   0x0000000000000c0f       0x87 CMakeFiles/main.dir/main.c.obj
 .debug_macro   0x0000000000000c96       0x51 CMakeFiles/main.dir/main.c.obj
 .debug_macro   0x0000000000000ce7       0xef CMakeFiles/main.dir/main.c.obj
 .debug_macro   0x0000000000000dd6       0x6a CMakeFiles/main.dir/main.c.obj
 .debug_macro   0x0000000000000e40      0x1df CMakeFiles/main.dir/main.c.obj
 .debug_macro   0x000000000000101f      0x69f CMakeFiles/main.dir/main.c.obj
 .debug_macro   0x00000000000016be     0x7dbe CMakeFiles/main.dir/main.c.obj
 .debug_macro   0x000000000000947c      0x2df CMakeFiles/main.dir/main.c.obj
 .debug_macro   0x000000000000975b      0x144 CMakeFiles/main.dir/main.c.obj
 .debug_macro   0x000000000000989f      0x3cf CMakeFiles/main.dir/main.c.obj
 .debug_macro   0x0000000000009c6e       0xc8 CMakeFiles/main.dir/main.c.obj
 .debug_macro   0x0000000000009d36      0x17a CMakeFiles/main.dir/main.c.obj
 .debug_macro   0x0000000000009eb0       0xac CMakeFiles/main.dir/main.c.obj
 .debug_macro   0x0000000000009f5c      0x3ad CMakeFiles/main.dir/main.c.obj
 .debug_macro   0x000000000000a309       0x9a CMakeFiles/main.dir/main.c.obj
 .debug_macro   0x000000000000a3a3      0x279 CMakeFiles/main.dir/main.c.obj
 .debug_macro   0x000000000000a61c      0x2ac CMakeFiles/main.dir/main.c.obj
 .debug_macro   0x000000000000a8c8      0x2b1 CMakeFiles/main.dir/main.c.obj
 .debug_macro   0x000000000000ab79       0x64 CMakeFiles/main.dir/main.c.obj
 .debug_macro   0x000000000000abdd       0x82 CMakeFiles/main.dir/main.c.obj
 .debug_macro   0x000000000000ac5f      0x3e2 CMakeFiles/main.dir/main.c.obj
 .debug_macro   0x000000000000b041       0x58 CMakeFiles/main.dir/main.c.obj
 .debug_macro   0x000000000000b099      0x341 CMakeFiles/main.dir/main.c.obj
 .debug_macro   0x000000000000b3da      0x2c4 CMakeFiles/main.dir/main.c.obj
 .debug_macro   0x000000000000b69e      0x711 CMakeFiles/main.dir/main.c.obj
 .debug_macro   0x000000000000bdaf      0x220 CMakeFiles/main.dir/main.c.obj
 .debug_macro   0x000000000000bfcf       0x34 CMakeFiles/main.dir/main.c.obj
 .debug_macro   0x000000000000c003       0x8b CMakeFiles/main.dir/main.c.obj
 .debug_macro   0x000000000000c08e       0x35 CMakeFiles/main.dir/main.c.obj
 .debug_macro   0x000000000000c0c3      0x2c9 CMakeFiles/main.dir/main.c.obj
 .debug_macro   0x000000000000c38c      0x174 CMakeFiles/main.dir/main.c.obj
 .debug_macro   0x000000000000c500       0xe1 CMakeFiles/main.dir/main.c.obj
 .debug_macro   0x000000000000c5e1      0x168 CMakeFiles/main.dir/main.c.obj
 .debug_macro   0x000000000000c749       0xe4 CMakeFiles/main.dir/main.c.obj
 .debug_macro   0x000000000000c82d       0x10 CMakeFiles/main.dir/main.c.obj
 .debug_macro   0x000000000000c83d       0x1f CMakeFiles/main.dir/main.c.obj
 .debug_macro   0x000000000000c85c      0x416 CMakeFiles/main.dir/main.c.obj
 .debug_macro   0x000000000000cc72       0xc0 CMakeFiles/main.dir/main.c.obj
 .debug_macro   0x000000000000cd32       0x8c CMakeFiles/main.dir/main.c.obj
 .debug_macro   0x000000000000cdbe       0x46 CMakeFiles/main.dir/main.c.obj
 .debug_macro   0x000000000000ce04       0x3c CMakeFiles/main.dir/main.c.obj
 .debug_macro   0x000000000000ce40       0x9c CMakeFiles/main.dir/main.c.obj
 .debug_macro   0x000000000000cedc       0x16 CMakeFiles/main.dir/main.c.obj
 .debug_macro   0x000000000000cef2       0x35 CMakeFiles/main.dir/main.c.obj
 .debug_macro   0x000000000000cf27       0x52 CMakeFiles/main.dir/main.c.obj
 .debug_macro   0x000000000000cf79       0x1f CMakeFiles/main.dir/main.c.obj
 .debug_macro   0x000000000000cf98       0x43 CMakeFiles/main.dir/main.c.obj
 .debug_macro   0x000000000000cfdb       0x20 CMakeFiles/main.dir/main.c.obj
 .debug_macro   0x000000000000cffb      0x1a3 CMakeFiles/main.dir/main.c.obj
 .debug_macro   0x000000000000d19e      0x330 CMakeFiles/main.dir/main.c.obj
 .debug_macro   0x000000000000d4ce       0x16 CMakeFiles/main.dir/main.c.obj
 .debug_macro   0x000000000000d4e4       0x29 CMakeFiles/main.dir/main.c.obj
 .debug_macro   0x000000000000d50d      0x185 CMakeFiles/main.dir/stm32f10x_it.c.obj
 .debug_macro   0x000000000000d692      0x2cf CMakeFiles/main.dir/stm32f10x_it.c.obj
 .debug_macro   0x000000000000d961      0x18b spl/libSpl_debug.a(misc.c.obj)
 .debug_macro   0x000000000000daec       0x85 spl/libSpl_debug.a(misc.c.obj)
 .debug_macro   0x000000000000db71      0x1d7 spl/libSpl_debug.a(stm32f10x_gpio.c.obj)
 .debug_macro   0x000000000000dd48      0x2a6 spl/libSpl_debug.a(stm32f10x_gpio.c.obj)
 .debug_macro   0x000000000000dfee      0x2a1 spl/libSpl_debug.a(stm32f10x_rcc.c.obj)
 .debug_macro   0x000000000000e28f      0x3dc spl/libSpl_debug.a(stm32f10x_rcc.c.obj)
 .debug_macro   0x000000000000e66b      0x188 spl/libSpl_debug.a(system_stm32f10x.c.obj)
 .debug_macro   0x000000000000e7f3      0x25b free_rtos/libRTOS_debug.a(tasks.c.obj)
 .debug_macro   0x000000000000ea4e       0x40 free_rtos/libRTOS_debug.a(tasks.c.obj)
 .debug_macro   0x000000000000ea8e       0x8d free_rtos/libRTOS_debug.a(tasks.c.obj)
 .debug_macro   0x000000000000eb1b      0x10e free_rtos/libRTOS_debug.a(tasks.c.obj)
 .debug_macro   0x000000000000ec29       0x8d free_rtos/libRTOS_debug.a(tasks.c.obj)
 .debug_macro   0x000000000000ecb6       0x57 free_rtos/libRTOS_debug.a(tasks.c.obj)
 .debug_macro   0x000000000000ed0d       0x16 free_rtos/libRTOS_debug.a(tasks.c.obj)
 .debug_macro   0x000000000000ed23       0x91 free_rtos/libRTOS_debug.a(tasks.c.obj)
 .debug_macro   0x000000000000edb4       0x10 free_rtos/libRTOS_debug.a(tasks.c.obj)
 .debug_macro   0x000000000000edc4      0x176 free_rtos/libRTOS_debug.a(port.c.obj)
 .debug_macro   0x000000000000ef3a      0x1a3 free_rtos/libRTOS_debug.a(heap_4.c.obj)
 .debug_macro   0x000000000000f0dd      0x17c free_rtos/libRTOS_debug.a(list.c.obj)

.debug_line     0x0000000000000000     0x2ed2
 .debug_line    0x0000000000000000      0x5b0 CMakeFiles/main.dir/main.c.obj
 .debug_line    0x00000000000005b0      0x3c8 CMakeFiles/main.dir/stm32f10x_it.c.obj
 .debug_line    0x0000000000000978      0x3bb spl/libSpl_debug.a(misc.c.obj)
 .debug_line    0x0000000000000d33       0xa6 spl/libSpl_debug.a(startup_stm32f10x_md.s.obj)
 .debug_line    0x0000000000000dd9      0x492 spl/libSpl_debug.a(stm32f10x_gpio.c.obj)
 .debug_line    0x000000000000126b      0x4dc spl/libSpl_debug.a(stm32f10x_rcc.c.obj)
 .debug_line    0x0000000000001747      0x410 spl/libSpl_debug.a(system_stm32f10x.c.obj)
 .debug_line    0x0000000000001b57      0x98e free_rtos/libRTOS_debug.a(tasks.c.obj)
 .debug_line    0x00000000000024e5      0x2c1 free_rtos/libRTOS_debug.a(port.c.obj)
 .debug_line    0x00000000000027a6      0x3ca free_rtos/libRTOS_debug.a(heap_4.c.obj)
 .debug_line    0x0000000000002b70      0x362 free_rtos/libRTOS_debug.a(list.c.obj)

.debug_str      0x0000000000000000    0x56ea8
 .debug_str     0x0000000000000000    0x532b5 CMakeFiles/main.dir/main.c.obj
                                      0x53556 (size before relaxing)
 .debug_str     0x00000000000532b5       0xdd CMakeFiles/main.dir/stm32f10x_it.c.obj
                                      0x4ca8b (size before relaxing)
 .debug_str     0x0000000000053392      0x290 spl/libSpl_debug.a(misc.c.obj)
                                      0x4cc5f (size before relaxing)
 .debug_str     0x0000000000053622      0x4b4 spl/libSpl_debug.a(stm32f10x_gpio.c.obj)
                                      0x4cfd7 (size before relaxing)
 .debug_str     0x0000000000053ad6      0xb61 spl/libSpl_debug.a(stm32f10x_rcc.c.obj)
                                      0x4d5bd (size before relaxing)
 .debug_str     0x0000000000054637       0xd7 spl/libSpl_debug.a(system_stm32f10x.c.obj)
                                      0x4cb7c (size before relaxing)
 .debug_str     0x000000000005470e     0x1e0f free_rtos/libRTOS_debug.a(tasks.c.obj)
                                       0xbc42 (size before relaxing)
 .debug_str     0x000000000005651d      0x65c free_rtos/libRTOS_debug.a(port.c.obj)
                                       0x7299 (size before relaxing)
 .debug_str     0x0000000000056b79      0x270 free_rtos/libRTOS_debug.a(heap_4.c.obj)
                                       0x9fca (size before relaxing)
 .debug_str     0x0000000000056de9       0xbf free_rtos/libRTOS_debug.a(list.c.obj)
                                       0x98dc (size before relaxing)

.comment        0x0000000000000000       0x7f
 .comment       0x0000000000000000       0x7f CMakeFiles/main.dir/main.c.obj
                                         0x80 (size before relaxing)
 .comment       0x000000000000007f       0x80 CMakeFiles/main.dir/stm32f10x_it.c.obj
 .comment       0x000000000000007f       0x80 spl/libSpl_debug.a(misc.c.obj)
 .comment       0x000000000000007f       0x80 spl/libSpl_debug.a(stm32f10x_gpio.c.obj)
 .comment       0x000000000000007f       0x80 spl/libSpl_debug.a(stm32f10x_rcc.c.obj)
 .comment       0x000000000000007f       0x80 spl/libSpl_debug.a(system_stm32f10x.c.obj)
 .comment       0x000000000000007f       0x80 free_rtos/libRTOS_debug.a(tasks.c.obj)
 .comment       0x000000000000007f       0x80 free_rtos/libRTOS_debug.a(port.c.obj)
 .comment       0x000000000000007f       0x80 free_rtos/libRTOS_debug.a(heap_4.c.obj)
 .comment       0x000000000000007f       0x80 free_rtos/libRTOS_debug.a(list.c.obj)

.debug_frame    0x0000000000000000     0x1644
 .debug_frame   0x0000000000000000       0xe8 CMakeFiles/main.dir/main.c.obj
 .debug_frame   0x00000000000000e8      0x110 CMakeFiles/main.dir/stm32f10x_it.c.obj
 .debug_frame   0x00000000000001f8       0xd8 spl/libSpl_debug.a(misc.c.obj)
 .debug_frame   0x00000000000002d0      0x2d0 spl/libSpl_debug.a(stm32f10x_gpio.c.obj)
 .debug_frame   0x00000000000005a0      0x4f4 spl/libSpl_debug.a(stm32f10x_rcc.c.obj)
 .debug_frame   0x0000000000000a94       0x98 spl/libSpl_debug.a(system_stm32f10x.c.obj)
 .debug_frame   0x0000000000000b2c      0x7c4 free_rtos/libRTOS_debug.a(tasks.c.obj)
 .debug_frame   0x00000000000012f0      0x154 free_rtos/libRTOS_debug.a(port.c.obj)
 .debug_frame   0x0000000000001444      0x108 free_rtos/libRTOS_debug.a(heap_4.c.obj)
 .debug_frame   0x000000000000154c       0xd8 free_rtos/libRTOS_debug.a(list.c.obj)
 .debug_frame   0x0000000000001624       0x20 /usr/bin/../lib/gcc/arm-none-eabi/6.3.1/../../../../arm-none-eabi/lib/thumb/v7-m/libg_nano.a(lib_a-memset.o)

.debug_ranges   0x0000000000000000       0x20
 .debug_ranges  0x0000000000000000       0x20 spl/libSpl_debug.a(startup_stm32f10x_md.s.obj)

Cross Reference Table

Symbol                                            File
ADC1_2_IRQHandler                                 spl/libSpl_debug.a(startup_stm32f10x_md.s.obj)
AHBPrescTable                                     spl/libSpl_debug.a(system_stm32f10x.c.obj)
BusFault_Handler                                  CMakeFiles/main.dir/stm32f10x_it.c.obj
CAN1_RX1_IRQHandler                               spl/libSpl_debug.a(startup_stm32f10x_md.s.obj)
CAN1_SCE_IRQHandler                               spl/libSpl_debug.a(startup_stm32f10x_md.s.obj)
DMA1_Channel1_IRQHandler                          spl/libSpl_debug.a(startup_stm32f10x_md.s.obj)
DMA1_Channel2_IRQHandler                          spl/libSpl_debug.a(startup_stm32f10x_md.s.obj)
DMA1_Channel3_IRQHandler                          spl/libSpl_debug.a(startup_stm32f10x_md.s.obj)
DMA1_Channel4_IRQHandler                          spl/libSpl_debug.a(startup_stm32f10x_md.s.obj)
DMA1_Channel5_IRQHandler                          spl/libSpl_debug.a(startup_stm32f10x_md.s.obj)
DMA1_Channel6_IRQHandler                          spl/libSpl_debug.a(startup_stm32f10x_md.s.obj)
DMA1_Channel7_IRQHandler                          spl/libSpl_debug.a(startup_stm32f10x_md.s.obj)
DebugMon_Handler                                  CMakeFiles/main.dir/stm32f10x_it.c.obj
Default_Handler                                   spl/libSpl_debug.a(startup_stm32f10x_md.s.obj)
Delay                                             CMakeFiles/main.dir/main.c.obj
EXTI0_IRQHandler                                  spl/libSpl_debug.a(startup_stm32f10x_md.s.obj)
EXTI15_10_IRQHandler                              spl/libSpl_debug.a(startup_stm32f10x_md.s.obj)
EXTI1_IRQHandler                                  spl/libSpl_debug.a(startup_stm32f10x_md.s.obj)
EXTI2_IRQHandler                                  spl/libSpl_debug.a(startup_stm32f10x_md.s.obj)
EXTI3_IRQHandler                                  spl/libSpl_debug.a(startup_stm32f10x_md.s.obj)
EXTI4_IRQHandler                                  spl/libSpl_debug.a(startup_stm32f10x_md.s.obj)
EXTI9_5_IRQHandler                                spl/libSpl_debug.a(startup_stm32f10x_md.s.obj)
FLASH_IRQHandler                                  spl/libSpl_debug.a(startup_stm32f10x_md.s.obj)
GPIO_AFIODeInit                                   spl/libSpl_debug.a(stm32f10x_gpio.c.obj)
GPIO_DeInit                                       spl/libSpl_debug.a(stm32f10x_gpio.c.obj)
GPIO_ETH_MediaInterfaceConfig                     spl/libSpl_debug.a(stm32f10x_gpio.c.obj)
GPIO_EXTILineConfig                               spl/libSpl_debug.a(stm32f10x_gpio.c.obj)
GPIO_EventOutputCmd                               spl/libSpl_debug.a(stm32f10x_gpio.c.obj)
GPIO_EventOutputConfig                            spl/libSpl_debug.a(stm32f10x_gpio.c.obj)
GPIO_Init                                         spl/libSpl_debug.a(stm32f10x_gpio.c.obj)
                                                  CMakeFiles/main.dir/main.c.obj
GPIO_InitStructure                                CMakeFiles/main.dir/main.c.obj
GPIO_PinLockConfig                                spl/libSpl_debug.a(stm32f10x_gpio.c.obj)
GPIO_PinRemapConfig                               spl/libSpl_debug.a(stm32f10x_gpio.c.obj)
GPIO_ReadInputData                                spl/libSpl_debug.a(stm32f10x_gpio.c.obj)
GPIO_ReadInputDataBit                             spl/libSpl_debug.a(stm32f10x_gpio.c.obj)
GPIO_ReadOutputData                               spl/libSpl_debug.a(stm32f10x_gpio.c.obj)
GPIO_ReadOutputDataBit                            spl/libSpl_debug.a(stm32f10x_gpio.c.obj)
GPIO_ResetBits                                    spl/libSpl_debug.a(stm32f10x_gpio.c.obj)
                                                  CMakeFiles/main.dir/main.c.obj
GPIO_SetBits                                      spl/libSpl_debug.a(stm32f10x_gpio.c.obj)
                                                  CMakeFiles/main.dir/main.c.obj
GPIO_StructInit                                   spl/libSpl_debug.a(stm32f10x_gpio.c.obj)
GPIO_Write                                        spl/libSpl_debug.a(stm32f10x_gpio.c.obj)
GPIO_WriteBit                                     spl/libSpl_debug.a(stm32f10x_gpio.c.obj)
HSEStartUpStatus                                  CMakeFiles/main.dir/main.c.obj
HardFault_Handler                                 CMakeFiles/main.dir/stm32f10x_it.c.obj
I2C1_ER_IRQHandler                                spl/libSpl_debug.a(startup_stm32f10x_md.s.obj)
I2C1_EV_IRQHandler                                spl/libSpl_debug.a(startup_stm32f10x_md.s.obj)
I2C2_ER_IRQHandler                                spl/libSpl_debug.a(startup_stm32f10x_md.s.obj)
I2C2_EV_IRQHandler                                spl/libSpl_debug.a(startup_stm32f10x_md.s.obj)
MemManage_Handler                                 CMakeFiles/main.dir/stm32f10x_it.c.obj
NMI_Handler                                       CMakeFiles/main.dir/stm32f10x_it.c.obj
NVIC_Configuration                                CMakeFiles/main.dir/main.c.obj
NVIC_Init                                         spl/libSpl_debug.a(misc.c.obj)
NVIC_PriorityGroupConfig                          spl/libSpl_debug.a(misc.c.obj)
                                                  CMakeFiles/main.dir/main.c.obj
NVIC_SetVectorTable                               spl/libSpl_debug.a(misc.c.obj)
                                                  CMakeFiles/main.dir/main.c.obj
NVIC_SystemLPConfig                               spl/libSpl_debug.a(misc.c.obj)
PVD_IRQHandler                                    spl/libSpl_debug.a(startup_stm32f10x_md.s.obj)
PendSV_Handler                                    CMakeFiles/main.dir/stm32f10x_it.c.obj
RCC_ADCCLKConfig                                  spl/libSpl_debug.a(stm32f10x_rcc.c.obj)
RCC_AHBPeriphClockCmd                             spl/libSpl_debug.a(stm32f10x_rcc.c.obj)
RCC_APB1PeriphClockCmd                            spl/libSpl_debug.a(stm32f10x_rcc.c.obj)
RCC_APB1PeriphResetCmd                            spl/libSpl_debug.a(stm32f10x_rcc.c.obj)
RCC_APB2PeriphClockCmd                            spl/libSpl_debug.a(stm32f10x_rcc.c.obj)
                                                  CMakeFiles/main.dir/main.c.obj
RCC_APB2PeriphResetCmd                            spl/libSpl_debug.a(stm32f10x_rcc.c.obj)
                                                  spl/libSpl_debug.a(stm32f10x_gpio.c.obj)
RCC_AdjustHSICalibrationValue                     spl/libSpl_debug.a(stm32f10x_rcc.c.obj)
RCC_BackupResetCmd                                spl/libSpl_debug.a(stm32f10x_rcc.c.obj)
RCC_ClearFlag                                     spl/libSpl_debug.a(stm32f10x_rcc.c.obj)
RCC_ClearITPendingBit                             spl/libSpl_debug.a(stm32f10x_rcc.c.obj)
RCC_ClockSecuritySystemCmd                        spl/libSpl_debug.a(stm32f10x_rcc.c.obj)
RCC_DeInit                                        spl/libSpl_debug.a(stm32f10x_rcc.c.obj)
RCC_GetClocksFreq                                 spl/libSpl_debug.a(stm32f10x_rcc.c.obj)
RCC_GetFlagStatus                                 spl/libSpl_debug.a(stm32f10x_rcc.c.obj)
RCC_GetITStatus                                   spl/libSpl_debug.a(stm32f10x_rcc.c.obj)
RCC_GetSYSCLKSource                               spl/libSpl_debug.a(stm32f10x_rcc.c.obj)
RCC_HCLKConfig                                    spl/libSpl_debug.a(stm32f10x_rcc.c.obj)
RCC_HSEConfig                                     spl/libSpl_debug.a(stm32f10x_rcc.c.obj)
RCC_HSICmd                                        spl/libSpl_debug.a(stm32f10x_rcc.c.obj)
RCC_IRQHandler                                    spl/libSpl_debug.a(startup_stm32f10x_md.s.obj)
RCC_ITConfig                                      spl/libSpl_debug.a(stm32f10x_rcc.c.obj)
RCC_LSEConfig                                     spl/libSpl_debug.a(stm32f10x_rcc.c.obj)
RCC_LSICmd                                        spl/libSpl_debug.a(stm32f10x_rcc.c.obj)
RCC_MCOConfig                                     spl/libSpl_debug.a(stm32f10x_rcc.c.obj)
RCC_PCLK1Config                                   spl/libSpl_debug.a(stm32f10x_rcc.c.obj)
RCC_PCLK2Config                                   spl/libSpl_debug.a(stm32f10x_rcc.c.obj)
RCC_PLLCmd                                        spl/libSpl_debug.a(stm32f10x_rcc.c.obj)
RCC_PLLConfig                                     spl/libSpl_debug.a(stm32f10x_rcc.c.obj)
RCC_RTCCLKCmd                                     spl/libSpl_debug.a(stm32f10x_rcc.c.obj)
RCC_RTCCLKConfig                                  spl/libSpl_debug.a(stm32f10x_rcc.c.obj)
RCC_SYSCLKConfig                                  spl/libSpl_debug.a(stm32f10x_rcc.c.obj)
RCC_USBCLKConfig                                  spl/libSpl_debug.a(stm32f10x_rcc.c.obj)
RCC_WaitForHSEStartUp                             spl/libSpl_debug.a(stm32f10x_rcc.c.obj)
RTCAlarm_IRQHandler                               spl/libSpl_debug.a(startup_stm32f10x_md.s.obj)
RTC_IRQHandler                                    spl/libSpl_debug.a(startup_stm32f10x_md.s.obj)
Reset_Handler                                     spl/libSpl_debug.a(startup_stm32f10x_md.s.obj)
SPI1_IRQHandler                                   spl/libSpl_debug.a(startup_stm32f10x_md.s.obj)
SPI2_IRQHandler                                   spl/libSpl_debug.a(startup_stm32f10x_md.s.obj)
SVC_Handler                                       CMakeFiles/main.dir/stm32f10x_it.c.obj
SysTick_CLKSourceConfig                           spl/libSpl_debug.a(misc.c.obj)
SysTick_Handler                                   CMakeFiles/main.dir/stm32f10x_it.c.obj
SystemCoreClock                                   spl/libSpl_debug.a(system_stm32f10x.c.obj)
SystemCoreClockUpdate                             spl/libSpl_debug.a(system_stm32f10x.c.obj)
SystemInit                                        spl/libSpl_debug.a(system_stm32f10x.c.obj)
                                                  spl/libSpl_debug.a(startup_stm32f10x_md.s.obj)
TAMPER_IRQHandler                                 spl/libSpl_debug.a(startup_stm32f10x_md.s.obj)
TIM1_BRK_IRQHandler                               spl/libSpl_debug.a(startup_stm32f10x_md.s.obj)
TIM1_CC_IRQHandler                                spl/libSpl_debug.a(startup_stm32f10x_md.s.obj)
TIM1_TRG_COM_IRQHandler                           spl/libSpl_debug.a(startup_stm32f10x_md.s.obj)
TIM1_UP_IRQHandler                                spl/libSpl_debug.a(startup_stm32f10x_md.s.obj)
TIM2_IRQHandler                                   spl/libSpl_debug.a(startup_stm32f10x_md.s.obj)
TIM3_IRQHandler                                   spl/libSpl_debug.a(startup_stm32f10x_md.s.obj)
TIM4_IRQHandler                                   spl/libSpl_debug.a(startup_stm32f10x_md.s.obj)
USART1_IRQHandler                                 spl/libSpl_debug.a(startup_stm32f10x_md.s.obj)
USART2_IRQHandler                                 spl/libSpl_debug.a(startup_stm32f10x_md.s.obj)
USART3_IRQHandler                                 spl/libSpl_debug.a(startup_stm32f10x_md.s.obj)
USBWakeUp_IRQHandler                              spl/libSpl_debug.a(startup_stm32f10x_md.s.obj)
USB_HP_CAN1_TX_IRQHandler                         spl/libSpl_debug.a(startup_stm32f10x_md.s.obj)
USB_LP_CAN1_RX0_IRQHandler                        spl/libSpl_debug.a(startup_stm32f10x_md.s.obj)
UsageFault_Handler                                CMakeFiles/main.dir/stm32f10x_it.c.obj
WWDG_IRQHandler                                   spl/libSpl_debug.a(startup_stm32f10x_md.s.obj)
_Jv_RegisterClasses                               /usr/bin/../lib/gcc/arm-none-eabi/6.3.1/thumb/v7-m/crtbegin.o
__bss_end__                                       /usr/bin/../lib/gcc/arm-none-eabi/6.3.1/../../../../arm-none-eabi/lib/thumb/v7-m/crt0.o
__bss_start__                                     /usr/bin/../lib/gcc/arm-none-eabi/6.3.1/../../../../arm-none-eabi/lib/thumb/v7-m/crt0.o
__call_exitprocs                                  /usr/bin/../lib/gcc/arm-none-eabi/6.3.1/../../../../arm-none-eabi/lib/thumb/v7-m/libg_nano.a(lib_a-exit.o)
__deregister_frame_info                           /usr/bin/../lib/gcc/arm-none-eabi/6.3.1/thumb/v7-m/crtbegin.o
__dso_handle                                      /usr/bin/../lib/gcc/arm-none-eabi/6.3.1/thumb/v7-m/crtbegin.o
__init_array_end                                  /usr/bin/../lib/gcc/arm-none-eabi/6.3.1/../../../../arm-none-eabi/lib/thumb/v7-m/libg_nano.a(lib_a-init.o)
__init_array_start                                /usr/bin/../lib/gcc/arm-none-eabi/6.3.1/../../../../arm-none-eabi/lib/thumb/v7-m/libg_nano.a(lib_a-init.o)
__libc_fini_array                                 /usr/bin/../lib/gcc/arm-none-eabi/6.3.1/../../../../arm-none-eabi/lib/thumb/v7-m/crt0.o
__libc_init_array                                 /usr/bin/../lib/gcc/arm-none-eabi/6.3.1/../../../../arm-none-eabi/lib/thumb/v7-m/libg_nano.a(lib_a-init.o)
                                                  /usr/bin/../lib/gcc/arm-none-eabi/6.3.1/../../../../arm-none-eabi/lib/thumb/v7-m/crt0.o
__preinit_array_end                               /usr/bin/../lib/gcc/arm-none-eabi/6.3.1/../../../../arm-none-eabi/lib/thumb/v7-m/libg_nano.a(lib_a-init.o)
__preinit_array_start                             /usr/bin/../lib/gcc/arm-none-eabi/6.3.1/../../../../arm-none-eabi/lib/thumb/v7-m/libg_nano.a(lib_a-init.o)
__register_frame_info                             /usr/bin/../lib/gcc/arm-none-eabi/6.3.1/thumb/v7-m/crtbegin.o
__sf_fake_stderr                                  /usr/bin/../lib/gcc/arm-none-eabi/6.3.1/../../../../arm-none-eabi/lib/thumb/v7-m/libg_nano.a(lib_a-impure.o)
__sf_fake_stdin                                   /usr/bin/../lib/gcc/arm-none-eabi/6.3.1/../../../../arm-none-eabi/lib/thumb/v7-m/libg_nano.a(lib_a-impure.o)
__sf_fake_stdout                                  /usr/bin/../lib/gcc/arm-none-eabi/6.3.1/../../../../arm-none-eabi/lib/thumb/v7-m/libg_nano.a(lib_a-impure.o)
__stack                                           /usr/bin/../lib/gcc/arm-none-eabi/6.3.1/../../../../arm-none-eabi/lib/thumb/v7-m/crt0.o
_ebss                                             spl/libSpl_debug.a(startup_stm32f10x_md.s.obj)
_edata                                            spl/libSpl_debug.a(startup_stm32f10x_md.s.obj)
_estack                                           spl/libSpl_debug.a(startup_stm32f10x_md.s.obj)
_exit                                             /usr/bin/../lib/gcc/arm-none-eabi/6.3.1/../../../../arm-none-eabi/lib/thumb/v7-m/libnosys.a(_exit.o)
                                                  /usr/bin/../lib/gcc/arm-none-eabi/6.3.1/../../../../arm-none-eabi/lib/thumb/v7-m/libg_nano.a(lib_a-exit.o)
_fini                                             /usr/bin/../lib/gcc/arm-none-eabi/6.3.1/thumb/v7-m/crti.o
_global_impure_ptr                                /usr/bin/../lib/gcc/arm-none-eabi/6.3.1/../../../../arm-none-eabi/lib/thumb/v7-m/libg_nano.a(lib_a-impure.o)
                                                  /usr/bin/../lib/gcc/arm-none-eabi/6.3.1/../../../../arm-none-eabi/lib/thumb/v7-m/libg_nano.a(lib_a-exit.o)
_impure_ptr                                       /usr/bin/../lib/gcc/arm-none-eabi/6.3.1/../../../../arm-none-eabi/lib/thumb/v7-m/libg_nano.a(lib_a-impure.o)
_init                                             /usr/bin/../lib/gcc/arm-none-eabi/6.3.1/thumb/v7-m/crti.o
                                                  /usr/bin/../lib/gcc/arm-none-eabi/6.3.1/../../../../arm-none-eabi/lib/thumb/v7-m/libg_nano.a(lib_a-init.o)
_mainCRTStartup                                   /usr/bin/../lib/gcc/arm-none-eabi/6.3.1/../../../../arm-none-eabi/lib/thumb/v7-m/crt0.o
_sbss                                             spl/libSpl_debug.a(startup_stm32f10x_md.s.obj)
_sdata                                            spl/libSpl_debug.a(startup_stm32f10x_md.s.obj)
_sidata                                           spl/libSpl_debug.a(startup_stm32f10x_md.s.obj)
_start                                            /usr/bin/../lib/gcc/arm-none-eabi/6.3.1/../../../../arm-none-eabi/lib/thumb/v7-m/crt0.o
assert_failed                                     CMakeFiles/main.dir/main.c.obj
atexit                                            /usr/bin/../lib/gcc/arm-none-eabi/6.3.1/../../../../arm-none-eabi/lib/thumb/v7-m/crt0.o
eTaskGetState                                     free_rtos/libRTOS_debug.a(tasks.c.obj)
exit                                              /usr/bin/../lib/gcc/arm-none-eabi/6.3.1/../../../../arm-none-eabi/lib/thumb/v7-m/libg_nano.a(lib_a-exit.o)
                                                  /usr/bin/../lib/gcc/arm-none-eabi/6.3.1/../../../../arm-none-eabi/lib/thumb/v7-m/crt0.o
g_pfnVectors                                      spl/libSpl_debug.a(startup_stm32f10x_md.s.obj)
hardware_init_hook                                /usr/bin/../lib/gcc/arm-none-eabi/6.3.1/../../../../arm-none-eabi/lib/thumb/v7-m/crt0.o
main                                              CMakeFiles/main.dir/main.c.obj
                                                  spl/libSpl_debug.a(startup_stm32f10x_md.s.obj)
                                                  /usr/bin/../lib/gcc/arm-none-eabi/6.3.1/../../../../arm-none-eabi/lib/thumb/v7-m/crt0.o
memset                                            /usr/bin/../lib/gcc/arm-none-eabi/6.3.1/../../../../arm-none-eabi/lib/thumb/v7-m/libg_nano.a(lib_a-memset.o)
                                                  free_rtos/libRTOS_debug.a(tasks.c.obj)
                                                  /usr/bin/../lib/gcc/arm-none-eabi/6.3.1/../../../../arm-none-eabi/lib/thumb/v7-m/crt0.o
pcTaskGetName                                     free_rtos/libRTOS_debug.a(tasks.c.obj)
prvSetupHardware                                  CMakeFiles/main.dir/main.c.obj
pvPortMalloc                                      free_rtos/libRTOS_debug.a(heap_4.c.obj)
                                                  free_rtos/libRTOS_debug.a(tasks.c.obj)
pvTaskIncrementMutexHeldCount                     free_rtos/libRTOS_debug.a(tasks.c.obj)
pxCurrentTCB                                      free_rtos/libRTOS_debug.a(tasks.c.obj)
                                                  free_rtos/libRTOS_debug.a(port.c.obj)
pxPortInitialiseStack                             free_rtos/libRTOS_debug.a(port.c.obj)
                                                  free_rtos/libRTOS_debug.a(tasks.c.obj)
software_init_hook                                /usr/bin/../lib/gcc/arm-none-eabi/6.3.1/../../../../arm-none-eabi/lib/thumb/v7-m/crt0.o
task                                              CMakeFiles/main.dir/main.c.obj
ulTaskNotifyTake                                  free_rtos/libRTOS_debug.a(tasks.c.obj)
uxListRemove                                      free_rtos/libRTOS_debug.a(list.c.obj)
                                                  free_rtos/libRTOS_debug.a(tasks.c.obj)
uxTaskGetNumberOfTasks                            free_rtos/libRTOS_debug.a(tasks.c.obj)
uxTaskGetSystemState                              free_rtos/libRTOS_debug.a(tasks.c.obj)
uxTaskGetTaskNumber                               free_rtos/libRTOS_debug.a(tasks.c.obj)
uxTaskPriorityGet                                 free_rtos/libRTOS_debug.a(tasks.c.obj)
uxTaskPriorityGetFromISR                          free_rtos/libRTOS_debug.a(tasks.c.obj)
uxTaskResetEventItemValue                         free_rtos/libRTOS_debug.a(tasks.c.obj)
vApplicationStackOverflowHook                     CMakeFiles/main.dir/main.c.obj
                                                  free_rtos/libRTOS_debug.a(tasks.c.obj)
vListInitialise                                   free_rtos/libRTOS_debug.a(list.c.obj)
                                                  free_rtos/libRTOS_debug.a(tasks.c.obj)
vListInitialiseItem                               free_rtos/libRTOS_debug.a(list.c.obj)
                                                  free_rtos/libRTOS_debug.a(tasks.c.obj)
vListInsert                                       free_rtos/libRTOS_debug.a(list.c.obj)
                                                  free_rtos/libRTOS_debug.a(tasks.c.obj)
vListInsertEnd                                    free_rtos/libRTOS_debug.a(list.c.obj)
                                                  free_rtos/libRTOS_debug.a(tasks.c.obj)
vPortEndScheduler                                 free_rtos/libRTOS_debug.a(port.c.obj)
                                                  free_rtos/libRTOS_debug.a(tasks.c.obj)
vPortEnterCritical                                free_rtos/libRTOS_debug.a(port.c.obj)
                                                  free_rtos/libRTOS_debug.a(tasks.c.obj)
vPortExitCritical                                 free_rtos/libRTOS_debug.a(port.c.obj)
                                                  free_rtos/libRTOS_debug.a(tasks.c.obj)
vPortFree                                         free_rtos/libRTOS_debug.a(heap_4.c.obj)
                                                  free_rtos/libRTOS_debug.a(tasks.c.obj)
vPortInitialiseBlocks                             free_rtos/libRTOS_debug.a(heap_4.c.obj)
vPortSVCHandler                                   free_rtos/libRTOS_debug.a(port.c.obj)
                                                  spl/libSpl_debug.a(startup_stm32f10x_md.s.obj)
vPortSetupTimerInterrupt                          free_rtos/libRTOS_debug.a(port.c.obj)
vTaskDelay                                        free_rtos/libRTOS_debug.a(tasks.c.obj)
                                                  CMakeFiles/main.dir/main.c.obj
vTaskDelayUntil                                   free_rtos/libRTOS_debug.a(tasks.c.obj)
vTaskDelete                                       free_rtos/libRTOS_debug.a(tasks.c.obj)
vTaskEndScheduler                                 free_rtos/libRTOS_debug.a(tasks.c.obj)
vTaskGetInfo                                      free_rtos/libRTOS_debug.a(tasks.c.obj)
vTaskMissedYield                                  free_rtos/libRTOS_debug.a(tasks.c.obj)
vTaskNotifyGiveFromISR                            free_rtos/libRTOS_debug.a(tasks.c.obj)
vTaskPlaceOnEventList                             free_rtos/libRTOS_debug.a(tasks.c.obj)
vTaskPlaceOnUnorderedEventList                    free_rtos/libRTOS_debug.a(tasks.c.obj)
vTaskPriorityInherit                              free_rtos/libRTOS_debug.a(tasks.c.obj)
vTaskPrioritySet                                  free_rtos/libRTOS_debug.a(tasks.c.obj)
vTaskResume                                       free_rtos/libRTOS_debug.a(tasks.c.obj)
vTaskSetTaskNumber                                free_rtos/libRTOS_debug.a(tasks.c.obj)
vTaskSetTimeOutState                              free_rtos/libRTOS_debug.a(tasks.c.obj)
vTaskStartScheduler                               free_rtos/libRTOS_debug.a(tasks.c.obj)
                                                  CMakeFiles/main.dir/main.c.obj
vTaskSuspend                                      free_rtos/libRTOS_debug.a(tasks.c.obj)
vTaskSuspendAll                                   free_rtos/libRTOS_debug.a(tasks.c.obj)
                                                  free_rtos/libRTOS_debug.a(heap_4.c.obj)
vTaskSwitchContext                                free_rtos/libRTOS_debug.a(tasks.c.obj)
                                                  free_rtos/libRTOS_debug.a(port.c.obj)
xPortGetFreeHeapSize                              free_rtos/libRTOS_debug.a(heap_4.c.obj)
xPortGetMinimumEverFreeHeapSize                   free_rtos/libRTOS_debug.a(heap_4.c.obj)
xPortPendSVHandler                                free_rtos/libRTOS_debug.a(port.c.obj)
                                                  spl/libSpl_debug.a(startup_stm32f10x_md.s.obj)
xPortStartScheduler                               free_rtos/libRTOS_debug.a(port.c.obj)
                                                  free_rtos/libRTOS_debug.a(tasks.c.obj)
xPortSysTickHandler                               free_rtos/libRTOS_debug.a(port.c.obj)
                                                  spl/libSpl_debug.a(startup_stm32f10x_md.s.obj)
xTaskCheckForTimeOut                              free_rtos/libRTOS_debug.a(tasks.c.obj)
xTaskCreate                                       free_rtos/libRTOS_debug.a(tasks.c.obj)
                                                  CMakeFiles/main.dir/main.c.obj
xTaskGenericNotify                                free_rtos/libRTOS_debug.a(tasks.c.obj)
xTaskGenericNotifyFromISR                         free_rtos/libRTOS_debug.a(tasks.c.obj)
xTaskGetCurrentTaskHandle                         free_rtos/libRTOS_debug.a(tasks.c.obj)
xTaskGetTickCount                                 free_rtos/libRTOS_debug.a(tasks.c.obj)
xTaskGetTickCountFromISR                          free_rtos/libRTOS_debug.a(tasks.c.obj)
xTaskIncrementTick                                free_rtos/libRTOS_debug.a(tasks.c.obj)
                                                  free_rtos/libRTOS_debug.a(port.c.obj)
xTaskNotifyStateClear                             free_rtos/libRTOS_debug.a(tasks.c.obj)
xTaskNotifyWait                                   free_rtos/libRTOS_debug.a(tasks.c.obj)
xTaskPriorityDisinherit                           free_rtos/libRTOS_debug.a(tasks.c.obj)
xTaskRemoveFromEventList                          free_rtos/libRTOS_debug.a(tasks.c.obj)
xTaskRemoveFromUnorderedEventList                 free_rtos/libRTOS_debug.a(tasks.c.obj)
xTaskResumeAll                                    free_rtos/libRTOS_debug.a(tasks.c.obj)
                                                  free_rtos/libRTOS_debug.a(heap_4.c.obj)
xTaskResumeFromISR                                free_rtos/libRTOS_debug.a(tasks.c.obj)
